+---------------------+----------------+-------+-------+----------+------------------------------------------+-------------------------------------------------------------------------------------------------------------------------------------------------------------------------------------------------------------------------------------------------------------------------+
|description          |string          |boolean|integer|date      |array                                     |errCol                                                                                                                                                                                                                                                                   |
+---------------------+----------------+-------+-------+----------+------------------------------------------+-------------------------------------------------------------------------------------------------------------------------------------------------------------------------------------------------------------------------------------------------------------------------+
|Having data          |Hello world     |true   |1      |2005-07-31|[2005-07-31 08:22:31, 2005-07-31 18:22:44]|[]                                                                                                                                                                                                                                                                       |
|Typed data           |Lorem Ipsum     |true   |1000   |2005-08-07|[]                                        |[]                                                                                                                                                                                                                                                                       |
|Nulls                |null            |null   |null   |null      |null                                      |[]                                                                                                                                                                                                                                                                       |
|Missing fields       |null            |null   |null   |null      |null                                      |[]                                                                                                                                                                                                                                                                       |
|Object in atomic type|null            |null   |null   |null      |null                                      |[{stdSchemaError, E00007, The input data does not adhere to requested schema, null, [{"description":"Object in atomic type","string":{"foo":bar}},], []}]                                                                                                                |
|Array in atomic type |null            |null   |null   |null      |null                                      |[{stdCastError, E00000, Standardization Error - Type cast, boolean, [[false,true]], []}]                                                                                                                                                                                 |
|Array in string type |["a","bb","ccc"]|null   |null   |null      |null                                      |[]                                                                                                                                                                                                                                                                       |
|ERROR                |null            |null   |null   |null      |null                                      |[{stdSchemaError, E00007, The input data does not adhere to requested schema, null, [{"description":"Object in array type","array":{"foo":bar}},], []}, {stdNullError, E00002, Standardization Error - Null detected in non-nullable attribute, description, [null], []}]|
|Atomic type in array |null            |null   |null   |null      |null                                      |[{stdSchemaError, E00007, The input data does not adhere to requested schema, null, [{"description":"Atomic type in array","array":"25/09/2005 11:22:33"},], []}]                                                                                                        |
+---------------------+----------------+-------+-------+----------+------------------------------------------+-------------------------------------------------------------------------------------------------------------------------------------------------------------------------------------------------------------------------------------------------------------------------+


